// Jest Snapshot v1, https://goo.gl/fbAQLP

exports[`test change tab reducer should handle CHANGE_CLASSROOM_TAB to classtab 1`] = `
Object {
  "classTab": "active",
  "examTab": "",
}
`;

exports[`test change tab reducer should handle CHANGE_CLASSROOM_TAB to examtab 1`] = `
Object {
  "classTab": "",
  "examTab": "active",
}
`;

exports[`test change tab reducer should handle unknown action type 1`] = `Object {}`;

exports[`test change tab reducer should use default state 1`] = `
Object {
  "classTab": "active",
  "examTab": "",
}
`;
