// Jest Snapshot v1, https://goo.gl/fbAQLP

exports[`test class data reducer should handle ADD_CLASSROOM_DATA 1`] = `Object {}`;

exports[`test class data reducer should handle GET_CLASSROOM_DATA 1`] = `
Object {
  "check": false,
}
`;

exports[`test class data reducer should handle unknown action type 1`] = `Object {}`;

exports[`test class data reducer should use initial state 1`] = `
Object {
  "check": false,
  "classData": Array [
    Object {
      "name": "",
      "subjects": Array [],
    },
  ],
  "code": "",
  "name": "",
  "substitute": "",
  "teacher": "",
}
`;
